=== COLLECTION CONVERSIONS ===
3
a
2
2
=== MATH: sum() ===
15
7.000000
=== TYPE INTROSPECTION ===
int
float
string
bool
list
dict
=== isinstance() ===
true
true
true
true
true
true
false
=== FUNCTIONAL: map() ===
2
6
=== FUNCTIONAL: filter() ===
3
2
6
=== FUNCTIONAL: any/all ===
true
false
true
false
=== ALL TESTS PASSED ===

